A51 MACRO ASSEMBLER  DALAY_10MS                                                           08/11/2015 19:26:59 PAGE     1


MACRO ASSEMBLER A51 V7.08a
OBJECT MODULE PLACED IN dalay_10ms.OBJ
ASSEMBLER INVOKED BY: C:\Keil2\C51\BIN\A51.EXE dalay_10ms.asm SET(SMALL) DEBUG EP

LOC  OBJ            LINE     SOURCE

----                   1     cseg at 0
0000 758000            2     mov p0,#0x00;1mc
0003 1115              3     acall delay_10ms;2mc
0005 7580FF            4     mov p0,#0xff
0008 110C              5     acall delay_1ms;2mc
000A 80FE              6     sjmp $
000C                   7     delay_1ms:
000C 78FA              8     mov r0,#250;1mc
000E D8FE              9     djnz r0,$;2*250
0010 78F7             10     mov r0,#247;1mc
0012 D8FE             11     djnz r0,$;2*247
0014 22               12     ret;2mc
0015                  13     delay_10ms:;1mc
0015 7909             14     mov r1,#9;1mc
0017                  15     l: 
0017 110C             16     acall delay_1ms;9*1000
0019 D9FC             17     djnz r1,l;2*9=18
001B 79FF             18     mov r1,#255;1mc
001D D9FE             19     djnz r1,$;2*255
001F 79E8             20     mov r1,#232;1mc
0021 D9FE             21     djnz r1,$;2*232
0023 00               22     nop;1mc
0024 22               23     ret;2mc
                      24     end
A51 MACRO ASSEMBLER  DALAY_10MS                                                           08/11/2015 19:26:59 PAGE     2

SYMBOL TABLE LISTING
------ ----- -------


N A M E             T Y P E  V A L U E   ATTRIBUTES

DELAY_10MS . . . .  C ADDR   0015H   A   
DELAY_1MS. . . . .  C ADDR   000CH   A   
L. . . . . . . . .  C ADDR   0017H   A   
P0 . . . . . . . .  D ADDR   0080H   A   


REGISTER BANK(S) USED: 0 


ASSEMBLY COMPLETE.  0 WARNING(S), 0 ERROR(S)
