C51 COMPILER V7.08   SERIAL1                                                               09/21/2015 09:07:11 PAGE 1   


C51 COMPILER V7.08, COMPILATION OF MODULE SERIAL1
OBJECT MODULE PLACED IN serial1.OBJ
COMPILER INVOKED BY: C:\Keil2\C51\BIN\C51.EXE serial1.c BROWSE DEBUG OBJECTEXTEND

line level    source

   1          #include<reg51.h>
   2          
   3          main()
   4          {
   5   1        TMOD=0x02;
   6   1        TCON=0x05;
   7   1        TH1=0xFA;
   8   1        TR1=1;
   9   1        while(1)
  10   1        {
  11   2        SBUF='A';
  12   2        while(TI==0);
  13   2        TI=0;
  14   2        }
  15   1      
  16   1      
  17   1      
  18   1      }


MODULE INFORMATION:   STATIC OVERLAYABLE
   CODE SIZE        =     21    ----
   CONSTANT SIZE    =   ----    ----
   XDATA SIZE       =   ----    ----
   PDATA SIZE       =   ----    ----
   DATA SIZE        =   ----    ----
   IDATA SIZE       =   ----    ----
   BIT SIZE         =   ----    ----
END OF MODULE INFORMATION.


C51 COMPILATION COMPLETE.  0 WARNING(S),  0 ERROR(S)
