C51 COMPILER V7.08   UART_MO                                                               09/26/2015 09:11:47 PAGE 1   


C51 COMPILER V7.08, COMPILATION OF MODULE UART_MO
OBJECT MODULE PLACED IN uart_mo.OBJ
COMPILER INVOKED BY: C:\Keil2\C51\BIN\C51.EXE uart_mo.h BROWSE DEBUG OBJECTEXTEND

line level    source

   1          #ifndef UART_M0_H
   2          
   3          #define UART_M0_H
   4          
   5           #include"types.h"
   6           extern void init_uart(void);
   7           extern u8 uart_rx_read74hc165(void);
   8          
   9          
  10           #endif
  11          


MODULE INFORMATION:   STATIC OVERLAYABLE
   CODE SIZE        =   ----    ----
   CONSTANT SIZE    =   ----    ----
   XDATA SIZE       =   ----    ----
   PDATA SIZE       =   ----    ----
   DATA SIZE        =   ----    ----
   IDATA SIZE       =   ----    ----
   BIT SIZE         =   ----    ----
END OF MODULE INFORMATION.


C51 COMPILATION COMPLETE.  0 WARNING(S),  0 ERROR(S)
