C51 COMPILER V7.08   UART_MAIN                                                             09/26/2015 09:42:49 PAGE 1   


C51 COMPILER V7.08, COMPILATION OF MODULE UART_MAIN
OBJECT MODULE PLACED IN UART_main.OBJ
COMPILER INVOKED BY: C:\Keil2\C51\BIN\C51.EXE UART_main.c BROWSE DEBUG OBJECTEXTEND

line level    source

   1          #include"UART_M1.c"
   2          bdata u8 t _at_ 0x30;
   3          main()
   4          {
   5   1        init_uart();
   6   1        while(1)
   7   1        {
   8   2         t=uart_rx();
   9   2         uart_tx(t);
  10   2        }
  11   1      }
  12          
  13          


MODULE INFORMATION:   STATIC OVERLAYABLE
   CODE SIZE        =     47    ----
   CONSTANT SIZE    =   ----    ----
   XDATA SIZE       =   ----    ----
   PDATA SIZE       =   ----    ----
   DATA SIZE        =   ----    ----
   IDATA SIZE       =   ----    ----
   BIT SIZE         =   ----    ----
END OF MODULE INFORMATION.


C51 COMPILATION COMPLETE.  0 WARNING(S),  0 ERROR(S)
