C51 COMPILER V7.08   LED3_DELAY                                                            08/21/2015 14:04:12 PAGE 1   


C51 COMPILER V7.08, COMPILATION OF MODULE LED3_DELAY
OBJECT MODULE PLACED IN C:\v14he8k6\HEX\led3_delay.obj
COMPILER INVOKED BY: C:\Keil\C51\BIN\C51.EXE led3_delay.c BROWSE DEBUG OBJECTEXTEND OBJECT(C:\v14he8k6\HEX\led3_delay.ob
                    -j)

line level    source

   1          void delay_ms(unsigned int i)
   2          {
   3   1      unsigned int j;
   4   1         for(;i>0;i--)
   5   1              {
   6   2                      for(j=250;j>0;j--);
   7   2      
   8   2                      for(j=232;j>0;j--);
   9   2      
  10   2              }
  11   1      
  12   1      }


MODULE INFORMATION:   STATIC OVERLAYABLE
   CODE SIZE        =     43    ----
   CONSTANT SIZE    =   ----    ----
   XDATA SIZE       =   ----    ----
   PDATA SIZE       =   ----    ----
   DATA SIZE        =   ----    ----
   IDATA SIZE       =   ----    ----
   BIT SIZE         =   ----    ----
END OF MODULE INFORMATION.


C51 COMPILATION COMPLETE.  0 WARNING(S),  0 ERROR(S)
