C51 COMPILER V9.02   MAIN2                                                                 10/17/2015 20:26:48 PAGE 1   


C51 COMPILER V9.02, COMPILATION OF MODULE MAIN2
OBJECT MODULE PLACED IN main2.OBJ
COMPILER INVOKED BY: C:\Keil\C51\BIN\C51.EXE main2.c BROWSE DEBUG OBJECTEXTEND

line level    source

   1          #include"headers.h"
*** ERROR C103 IN LINE 1 OF HEADERS.H: '<string>': unclosed string
*** ERROR C141 IN LINE 1 OF HEADERS.H: syntax error near '<string>'
*** WARNING C318 IN LINE 1 OF headers.h: can't open file 'p89v51rx2.h'
*** ERROR C305 IN LINE 1 OF headers.h: unterminated string/char const
*** ERROR C202 IN LINE 6 OF DEFINES.H: 'P1': undefined identifier
*** ERROR C202 IN LINE 7 OF DEFINES.H: 'P2': undefined identifier
*** ERROR C202 IN LINE 8 OF DEFINES.H: 'P3': undefined identifier
*** ERROR C202 IN LINE 9 OF DEFINES.H: 'P2': undefined identifier
*** ERROR C202 IN LINE 10 OF DEFINES.H: 'P3': undefined identifier
*** WARNING C318 IN LINE 6 OF headers.h: can't open file 'canfun.h'
   2          
   3          main()
   4          {
   5   1       u8 r1=0x01;
   6   1       u8 r2=0x02;
   7   1       init_CANCONTROLLER();
   8   1       while(1)
   9   1       {
  10   2        while(IS_ANYKEYPRESSED);
  11   2        if(IS_KEY1PRESSED)
  12   2         CANframe_Tx(&r1,0,MESSAGE_ID1,1);
  13   2        if(IS_KEY2PRESSED)
  14   2         CANframe_Tx(&r2,0,MESSAGE_ID2,1);
  15   2       }      
  16   1       return 0;                                                                
  17   1      }

C51 COMPILATION COMPLETE.  2 WARNING(S),  8 ERROR(S)
