C51 COMPILER V7.08   KEYPAD_MATRIX                                                         10/02/2015 11:09:48 PAGE 1   


C51 COMPILER V7.08, COMPILATION OF MODULE KEYPAD_MATRIX
OBJECT MODULE PLACED IN keypad_matrix.OBJ
COMPILER INVOKED BY: C:\Keil\C51\BIN\C51.EXE keypad_matrix.h BROWSE DEBUG OBJECTEXTEND

line level    source

   1          #ifndef KEYPAD_MATRIX_H
   2          
   3          #define KEYPAD_MATRIX_H
   4          
   5          extern void init_keypad();
   6          extern unsigned char keyscan();
   7          extern void colcheck();
   8          extern void init_lcd();
   9          extern void cmd_lcd(unsigned char );
  10          extern void write_lcd(unsigned char );
  11          extern void char_lcd(unsigned char );  
  12          
  13          #endif


MODULE INFORMATION:   STATIC OVERLAYABLE
   CODE SIZE        =   ----    ----
   CONSTANT SIZE    =   ----    ----
   XDATA SIZE       =   ----    ----
   PDATA SIZE       =   ----    ----
   DATA SIZE        =   ----    ----
   IDATA SIZE       =   ----    ----
   BIT SIZE         =   ----    ----
END OF MODULE INFORMATION.


C51 COMPILATION COMPLETE.  0 WARNING(S),  0 ERROR(S)
