C51 COMPILER V7.08   SPI                                                                   08/27/2015 14:22:42 PAGE 1   


C51 COMPILER V7.08, COMPILATION OF MODULE SPI
OBJECT MODULE PLACED IN spi.OBJ
COMPILER INVOKED BY: C:\Keil2\C51\BIN\C51.EXE spi.c BROWSE DEBUG OBJECTEXTEND

line level    source

   1          unsigned char spi(unsigned char dat)
   2          {
   3   1         unsigned char i,buff=0;l
   4   1          for(i=0;i<8;i++)
*** ERROR C202 IN LINE 4 OF SPI.C: 'l': undefined identifier
*** ERROR C141 IN LINE 4 OF SPI.C: syntax error near 'for'
   5   1          {
   6   2             din=(dat&(0x80>>i))?1:0;
*** ERROR C202 IN LINE 6 OF SPI.C: 'din': undefined identifier
   7   2      
   8   2           }
   9   1      
  10   1          if(dout)
*** ERROR C202 IN LINE 10 OF SPI.C: 'dout': undefined identifier
  11   1          buff |=0x80>>i;
  12   1      
  13   1         return buff;
  14   1      }

C51 COMPILATION COMPLETE.  0 WARNING(S),  4 ERROR(S)
